C:/code/SDR_LoRa/lower_computer/lower_computer2/Core/Src/stm32l0xx_it.c:69:6:NMI_Handler	0	static
C:/code/SDR_LoRa/lower_computer/lower_computer2/Core/Src/stm32l0xx_it.c:84:6:HardFault_Handler	0	static
C:/code/SDR_LoRa/lower_computer/lower_computer2/Core/Src/stm32l0xx_it.c:99:6:SVC_Handler	0	static
C:/code/SDR_LoRa/lower_computer/lower_computer2/Core/Src/stm32l0xx_it.c:112:6:PendSV_Handler	0	static
C:/code/SDR_LoRa/lower_computer/lower_computer2/Core/Src/stm32l0xx_it.c:125:6:SysTick_Handler	8	static
C:/code/SDR_LoRa/lower_computer/lower_computer2/Core/Src/stm32l0xx_it.c:152:6:EXTI0_1_IRQHandler	24	static
