C:/code/SDR_LoRa/lower_computer/lower_computer2/Core/Src/stm32l0xx_hal_msp.c:63:6:HAL_MspInit	0	static
C:/code/SDR_LoRa/lower_computer/lower_computer2/Core/Src/stm32l0xx_hal_msp.c:86:6:HAL_ADC_MspInit	32	static
C:/code/SDR_LoRa/lower_computer/lower_computer2/Core/Src/stm32l0xx_hal_msp.c:120:6:HAL_ADC_MspDeInit	8	static
C:/code/SDR_LoRa/lower_computer/lower_computer2/Core/Src/stm32l0xx_hal_msp.c:148:6:HAL_I2C_MspInit	32	static
C:/code/SDR_LoRa/lower_computer/lower_computer2/Core/Src/stm32l0xx_hal_msp.c:185:6:HAL_I2C_MspDeInit	8	static
C:/code/SDR_LoRa/lower_computer/lower_computer2/Core/Src/stm32l0xx_hal_msp.c:216:6:HAL_RTC_MspInit	0	static
C:/code/SDR_LoRa/lower_computer/lower_computer2/Core/Src/stm32l0xx_hal_msp.c:239:6:HAL_RTC_MspDeInit	0	static
C:/code/SDR_LoRa/lower_computer/lower_computer2/Core/Src/stm32l0xx_hal_msp.c:261:6:HAL_SPI_MspInit	32	static
C:/code/SDR_LoRa/lower_computer/lower_computer2/Core/Src/stm32l0xx_hal_msp.c:300:6:HAL_SPI_MspDeInit	8	static
C:/code/SDR_LoRa/lower_computer/lower_computer2/Core/Src/stm32l0xx_hal_msp.c:331:6:HAL_UART_MspInit	32	static
C:/code/SDR_LoRa/lower_computer/lower_computer2/Core/Src/stm32l0xx_hal_msp.c:368:6:HAL_UART_MspDeInit	8	static
