../Application/Periphery/UserConfig.c:75:13:LoraSetDataIrq	16	static
../Application/Periphery/UserConfig.c:160:6:gpio_init	56	static
../Application/Periphery/UserConfig.c:200:6:DIO1_Init	32	static
../Application/Periphery/UserConfig.c:217:6:SetTxHz	8	static
../Application/Periphery/UserConfig.c:226:23:sx1262GetOperatingMode	0	static
../Application/Periphery/UserConfig.c:231:6:sx1262SetOperatingMode	0	static
../Application/Periphery/UserConfig.c:238:6:RxEn	8	static
../Application/Periphery/UserConfig.c:245:6:TxEn	8	static
../Application/Periphery/UserConfig.c:320:6:set_LoraPacketParams	16	static
../Application/Periphery/UserConfig.c:333:6:LoraDataSend	16	static
../Application/Periphery/UserConfig.c:349:6:LoraOpenRXMode	8	static
../Application/Periphery/UserConfig.c:256:6:LoraInit	40	static
../Application/Periphery/UserConfig.c:361:6:OnTxDone	8	static
../Application/Periphery/UserConfig.c:371:6:OnRxDone	8	static
../Application/Periphery/UserConfig.c:382:6:RxError	0	static
../Application/Periphery/UserConfig.c:393:6:CadDone	0	static
../Application/Periphery/UserConfig.c:404:6:RxTimeout	8	static
../Application/Periphery/UserConfig.c:411:6:TxTimeout	8	static
../Application/Periphery/UserConfig.c:420:6:Hz_set	8	static
../Application/Periphery/UserConfig.c:428:6:Data_Processing	48	static
../Application/Periphery/UserConfig.c:454:6:DX_Lora_RadioIrqProcess	16	static,ignoring_inline_asm
