C:/code/SDR_LoRa/lower_computer/lower_computer2/Drivers/STM32L0xx_HAL_Driver/Src/stm32l0xx_hal_cortex.c:131:6:HAL_NVIC_SetPriority	16	static
C:/code/SDR_LoRa/lower_computer/lower_computer2/Drivers/STM32L0xx_HAL_Driver/Src/stm32l0xx_hal_cortex.c:151:6:HAL_NVIC_EnableIRQ	0	static
C:/code/SDR_LoRa/lower_computer/lower_computer2/Drivers/STM32L0xx_HAL_Driver/Src/stm32l0xx_hal_cortex.c:167:6:HAL_NVIC_DisableIRQ	0	static,ignoring_inline_asm
C:/code/SDR_LoRa/lower_computer/lower_computer2/Drivers/STM32L0xx_HAL_Driver/Src/stm32l0xx_hal_cortex.c:180:6:HAL_NVIC_SystemReset	0	static,ignoring_inline_asm
C:/code/SDR_LoRa/lower_computer/lower_computer2/Drivers/STM32L0xx_HAL_Driver/Src/stm32l0xx_hal_cortex.c:193:10:HAL_SYSTICK_Config	0	static
C:/code/SDR_LoRa/lower_computer/lower_computer2/Drivers/STM32L0xx_HAL_Driver/Src/stm32l0xx_hal_cortex.c:225:10:HAL_NVIC_GetPriority	0	static
C:/code/SDR_LoRa/lower_computer/lower_computer2/Drivers/STM32L0xx_HAL_Driver/Src/stm32l0xx_hal_cortex.c:238:6:HAL_NVIC_SetPendingIRQ	0	static
C:/code/SDR_LoRa/lower_computer/lower_computer2/Drivers/STM32L0xx_HAL_Driver/Src/stm32l0xx_hal_cortex.c:253:10:HAL_NVIC_GetPendingIRQ	0	static
C:/code/SDR_LoRa/lower_computer/lower_computer2/Drivers/STM32L0xx_HAL_Driver/Src/stm32l0xx_hal_cortex.c:266:6:HAL_NVIC_ClearPendingIRQ	0	static
C:/code/SDR_LoRa/lower_computer/lower_computer2/Drivers/STM32L0xx_HAL_Driver/Src/stm32l0xx_hal_cortex.c:281:6:HAL_SYSTICK_CLKSourceConfig	0	static
C:/code/SDR_LoRa/lower_computer/lower_computer2/Drivers/STM32L0xx_HAL_Driver/Src/stm32l0xx_hal_cortex.c:308:13:HAL_SYSTICK_Callback	0	static
C:/code/SDR_LoRa/lower_computer/lower_computer2/Drivers/STM32L0xx_HAL_Driver/Src/stm32l0xx_hal_cortex.c:299:6:HAL_SYSTICK_IRQHandler	8	static
