C:/code/SDR_LoRa/lower_computer/lower_computer2/Drivers/STM32L0xx_HAL_Driver/Src/stm32l0xx_hal_rtc.c:669:13:HAL_RTC_MspInit	0	static
C:/code/SDR_LoRa/lower_computer/lower_computer2/Drivers/STM32L0xx_HAL_Driver/Src/stm32l0xx_hal_rtc.c:685:13:HAL_RTC_MspDeInit	0	static
C:/code/SDR_LoRa/lower_computer/lower_computer2/Drivers/STM32L0xx_HAL_Driver/Src/stm32l0xx_hal_rtc.c:1425:19:HAL_RTC_DeactivateAlarm	24	static
C:/code/SDR_LoRa/lower_computer/lower_computer2/Drivers/STM32L0xx_HAL_Driver/Src/stm32l0xx_hal_rtc.c:1625:13:HAL_RTC_AlarmAEventCallback	0	static
C:/code/SDR_LoRa/lower_computer/lower_computer2/Drivers/STM32L0xx_HAL_Driver/Src/stm32l0xx_hal_rtc.c:1574:6:HAL_RTC_AlarmIRQHandler	8	static
C:/code/SDR_LoRa/lower_computer/lower_computer2/Drivers/STM32L0xx_HAL_Driver/Src/stm32l0xx_hal_rtc.c:1642:19:HAL_RTC_PollForAlarmAEvent	24	static
C:/code/SDR_LoRa/lower_computer/lower_computer2/Drivers/STM32L0xx_HAL_Driver/Src/stm32l0xx_hal_rtc.c:1706:19:HAL_RTC_WaitForSynchro	24	static
C:/code/SDR_LoRa/lower_computer/lower_computer2/Drivers/STM32L0xx_HAL_Driver/Src/stm32l0xx_hal_rtc.c:1735:6:HAL_RTC_DST_Add1Hour	0	static
C:/code/SDR_LoRa/lower_computer/lower_computer2/Drivers/STM32L0xx_HAL_Driver/Src/stm32l0xx_hal_rtc.c:1749:6:HAL_RTC_DST_Sub1Hour	0	static
C:/code/SDR_LoRa/lower_computer/lower_computer2/Drivers/STM32L0xx_HAL_Driver/Src/stm32l0xx_hal_rtc.c:1763:6:HAL_RTC_DST_SetStoreOperation	0	static
C:/code/SDR_LoRa/lower_computer/lower_computer2/Drivers/STM32L0xx_HAL_Driver/Src/stm32l0xx_hal_rtc.c:1776:6:HAL_RTC_DST_ClearStoreOperation	0	static
C:/code/SDR_LoRa/lower_computer/lower_computer2/Drivers/STM32L0xx_HAL_Driver/Src/stm32l0xx_hal_rtc.c:1788:10:HAL_RTC_DST_ReadStoreOperation	0	static
C:/code/SDR_LoRa/lower_computer/lower_computer2/Drivers/STM32L0xx_HAL_Driver/Src/stm32l0xx_hal_rtc.c:1817:21:HAL_RTC_GetState	0	static
C:/code/SDR_LoRa/lower_computer/lower_computer2/Drivers/STM32L0xx_HAL_Driver/Src/stm32l0xx_hal_rtc.c:1843:19:RTC_EnterInitMode	32	static
C:/code/SDR_LoRa/lower_computer/lower_computer2/Drivers/STM32L0xx_HAL_Driver/Src/stm32l0xx_hal_rtc.c:1878:19:RTC_ExitInitMode	8	static
C:/code/SDR_LoRa/lower_computer/lower_computer2/Drivers/STM32L0xx_HAL_Driver/Src/stm32l0xx_hal_rtc.c:255:19:HAL_RTC_Init	8	static
C:/code/SDR_LoRa/lower_computer/lower_computer2/Drivers/STM32L0xx_HAL_Driver/Src/stm32l0xx_hal_rtc.c:373:19:HAL_RTC_DeInit	16	static
C:/code/SDR_LoRa/lower_computer/lower_computer2/Drivers/STM32L0xx_HAL_Driver/Src/stm32l0xx_hal_rtc.c:1904:9:RTC_ByteToBcd2	0	static
C:/code/SDR_LoRa/lower_computer/lower_computer2/Drivers/STM32L0xx_HAL_Driver/Src/stm32l0xx_hal_rtc.c:726:19:HAL_RTC_SetTime	24	static
C:/code/SDR_LoRa/lower_computer/lower_computer2/Drivers/STM32L0xx_HAL_Driver/Src/stm32l0xx_hal_rtc.c:885:19:HAL_RTC_SetDate	24	static
C:/code/SDR_LoRa/lower_computer/lower_computer2/Drivers/STM32L0xx_HAL_Driver/Src/stm32l0xx_hal_rtc.c:1032:19:HAL_RTC_SetAlarm	32	static
C:/code/SDR_LoRa/lower_computer/lower_computer2/Drivers/STM32L0xx_HAL_Driver/Src/stm32l0xx_hal_rtc.c:1230:19:HAL_RTC_SetAlarm_IT	40	static
C:/code/SDR_LoRa/lower_computer/lower_computer2/Drivers/STM32L0xx_HAL_Driver/Src/stm32l0xx_hal_rtc.c:1922:9:RTC_Bcd2ToByte	0	static
C:/code/SDR_LoRa/lower_computer/lower_computer2/Drivers/STM32L0xx_HAL_Driver/Src/stm32l0xx_hal_rtc.c:840:19:HAL_RTC_GetTime	16	static
C:/code/SDR_LoRa/lower_computer/lower_computer2/Drivers/STM32L0xx_HAL_Driver/Src/stm32l0xx_hal_rtc.c:974:19:HAL_RTC_GetDate	16	static
C:/code/SDR_LoRa/lower_computer/lower_computer2/Drivers/STM32L0xx_HAL_Driver/Src/stm32l0xx_hal_rtc.c:1523:19:HAL_RTC_GetAlarm	24	static
