C:/code/SDR_LoRa/lower_computer/lower_computer2/Drivers/STM32L0xx_HAL_Driver/Src/stm32l0xx_hal_adc.c:2475:13:ADC_DelayMicroSecond	16	static
C:/code/SDR_LoRa/lower_computer/lower_computer2/Drivers/STM32L0xx_HAL_Driver/Src/stm32l0xx_hal_adc.c:2315:26:ADC_ConversionStop	16	static
C:/code/SDR_LoRa/lower_computer/lower_computer2/Drivers/STM32L0xx_HAL_Driver/Src/stm32l0xx_hal_adc.c:2254:26:ADC_Disable	16	static
C:/code/SDR_LoRa/lower_computer/lower_computer2/Drivers/STM32L0xx_HAL_Driver/Src/stm32l0xx_hal_adc.c:2192:26:ADC_Enable	16	static
C:/code/SDR_LoRa/lower_computer/lower_computer2/Drivers/STM32L0xx_HAL_Driver/Src/stm32l0xx_hal_adc.c:759:13:HAL_ADC_MspInit	0	static
C:/code/SDR_LoRa/lower_computer/lower_computer2/Drivers/STM32L0xx_HAL_Driver/Src/stm32l0xx_hal_adc.c:382:19:HAL_ADC_Init	8	static
C:/code/SDR_LoRa/lower_computer/lower_computer2/Drivers/STM32L0xx_HAL_Driver/Src/stm32l0xx_hal_adc.c:774:13:HAL_ADC_MspDeInit	0	static
C:/code/SDR_LoRa/lower_computer/lower_computer2/Drivers/STM32L0xx_HAL_Driver/Src/stm32l0xx_hal_adc.c:628:19:HAL_ADC_DeInit	16	static
C:/code/SDR_LoRa/lower_computer/lower_computer2/Drivers/STM32L0xx_HAL_Driver/Src/stm32l0xx_hal_adc.c:1012:19:HAL_ADC_Start	8	static
C:/code/SDR_LoRa/lower_computer/lower_computer2/Drivers/STM32L0xx_HAL_Driver/Src/stm32l0xx_hal_adc.c:1078:19:HAL_ADC_Stop	8	static
C:/code/SDR_LoRa/lower_computer/lower_computer2/Drivers/STM32L0xx_HAL_Driver/Src/stm32l0xx_hal_adc.c:1132:19:HAL_ADC_PollForConversion	24	static
C:/code/SDR_LoRa/lower_computer/lower_computer2/Drivers/STM32L0xx_HAL_Driver/Src/stm32l0xx_hal_adc.c:1262:19:HAL_ADC_PollForEvent	24	static
C:/code/SDR_LoRa/lower_computer/lower_computer2/Drivers/STM32L0xx_HAL_Driver/Src/stm32l0xx_hal_adc.c:1349:19:HAL_ADC_Start_IT	8	static
C:/code/SDR_LoRa/lower_computer/lower_computer2/Drivers/STM32L0xx_HAL_Driver/Src/stm32l0xx_hal_adc.c:1430:19:HAL_ADC_Stop_IT	8	static
C:/code/SDR_LoRa/lower_computer/lower_computer2/Drivers/STM32L0xx_HAL_Driver/Src/stm32l0xx_hal_adc.c:1480:19:HAL_ADC_Start_DMA	16	static
C:/code/SDR_LoRa/lower_computer/lower_computer2/Drivers/STM32L0xx_HAL_Driver/Src/stm32l0xx_hal_adc.c:1570:19:HAL_ADC_Stop_DMA	16	static
C:/code/SDR_LoRa/lower_computer/lower_computer2/Drivers/STM32L0xx_HAL_Driver/Src/stm32l0xx_hal_adc.c:1655:10:HAL_ADC_GetValue	0	static
C:/code/SDR_LoRa/lower_computer/lower_computer2/Drivers/STM32L0xx_HAL_Driver/Src/stm32l0xx_hal_adc.c:1806:13:HAL_ADC_ConvCpltCallback	0	static
C:/code/SDR_LoRa/lower_computer/lower_computer2/Drivers/STM32L0xx_HAL_Driver/Src/stm32l0xx_hal_adc.c:2369:13:ADC_DMAConvCplt	8	static
C:/code/SDR_LoRa/lower_computer/lower_computer2/Drivers/STM32L0xx_HAL_Driver/Src/stm32l0xx_hal_adc.c:1821:13:HAL_ADC_ConvHalfCpltCallback	0	static
C:/code/SDR_LoRa/lower_computer/lower_computer2/Drivers/STM32L0xx_HAL_Driver/Src/stm32l0xx_hal_adc.c:2433:13:ADC_DMAHalfConvCplt	8	static
C:/code/SDR_LoRa/lower_computer/lower_computer2/Drivers/STM32L0xx_HAL_Driver/Src/stm32l0xx_hal_adc.c:1836:13:HAL_ADC_LevelOutOfWindowCallback	0	static
C:/code/SDR_LoRa/lower_computer/lower_computer2/Drivers/STM32L0xx_HAL_Driver/Src/stm32l0xx_hal_adc.c:1858:13:HAL_ADC_ErrorCallback	0	static
C:/code/SDR_LoRa/lower_computer/lower_computer2/Drivers/STM32L0xx_HAL_Driver/Src/stm32l0xx_hal_adc.c:2451:13:ADC_DMAError	8	static
C:/code/SDR_LoRa/lower_computer/lower_computer2/Drivers/STM32L0xx_HAL_Driver/Src/stm32l0xx_hal_adc.c:1672:6:HAL_ADC_IRQHandler	16	static
C:/code/SDR_LoRa/lower_computer/lower_computer2/Drivers/STM32L0xx_HAL_Driver/Src/stm32l0xx_hal_adc.c:1909:19:HAL_ADC_ConfigChannel	16	static
C:/code/SDR_LoRa/lower_computer/lower_computer2/Drivers/STM32L0xx_HAL_Driver/Src/stm32l0xx_hal_adc.c:2028:19:HAL_ADC_AnalogWDGConfig	12	static
C:/code/SDR_LoRa/lower_computer/lower_computer2/Drivers/STM32L0xx_HAL_Driver/Src/stm32l0xx_hal_adc.c:2145:10:HAL_ADC_GetState	0	static
C:/code/SDR_LoRa/lower_computer/lower_computer2/Drivers/STM32L0xx_HAL_Driver/Src/stm32l0xx_hal_adc.c:2159:10:HAL_ADC_GetError	0	static
